// Jest Snapshot v1, https://goo.gl/fbAQLP

exports[`should render PokemonChip 1`] = `
<View
  style={
    [
      {
        "borderColor": "#180345",
        "borderRadius": 6,
        "borderWidth": 2,
        "padding": 4,
      },
      {
        "backgroundColor": undefined,
      },
    ]
  }
>
  <Text
    style={
      {
        "color": "#180345",
        "fontSize": 12,
        "fontWeight": "500",
      }
    }
  >
    electric
  </Text>
</View>
`;
